2026-08-02T19:20:45.657+05:30  INFO 17340 --- [petistaan] [main] com.example.PetistaanApplication         : Starting PetistaanApplication using Java 21.0.11 with PID 17340 (C:\Java\Spring-Core\petistaan\target\classes started by Ashok in C:\Java\Spring-Core\petistaan)
2026-08-02T19:20:45.661+05:30  INFO 17340 --- [petistaan] [main] com.example.PetistaanApplication         : No active profile set, falling back to 1 default profile: "default"
2026-08-02T19:20:46.481+05:30  INFO 17340 --- [petistaan] [main] .s.d.r.c.RepositoryConfigurationDelegate : Bootstrapping Spring Data JPA repositories in DEFAULT mode.
2026-08-02T19:20:46.540+05:30  INFO 17340 --- [petistaan] [main] .s.d.r.c.RepositoryConfigurationDelegate : Finished Spring Data repository scanning in 35 ms. Found 0 JPA repository interfaces.
2026-08-02T19:20:46.935+05:30  WARN 17340 --- [petistaan] [main] s.c.a.AnnotationConfigApplicationContext : Exception encountered during context initialization - cancelling refresh attempt: org.springframework.beans.factory.BeanCreationException: Error creating bean with name 'entityManagerFactory' defined in class path resource [org/springframework/boot/hibernate/autoconfigure/HibernateJpaConfiguration.class]: Failed to initialize dependency 'dataSourceScriptDatabaseInitializer' of LoadTimeWeaverAware bean 'entityManagerFactory': Error creating bean with name 'dataSourceScriptDatabaseInitializer' defined in class path resource [org/springframework/boot/jdbc/autoconfigure/DataSourceInitializationAutoConfiguration.class]: Unsatisfied dependency expressed through method 'dataSourceScriptDatabaseInitializer' parameter 0: Error creating bean with name 'dataSource' defined in class path resource [org/springframework/boot/jdbc/autoconfigure/DataSourceConfiguration$Hikari.class]: Failed to instantiate [com.zaxxer.hikari.HikariDataSource]: Factory method 'dataSource' threw exception with message: Failed to determine a suitable driver class
2026-08-02T19:20:46.945+05:30  INFO 17340 --- [petistaan] [main] .s.b.a.l.ConditionEvaluationReportLogger : 

Error starting ApplicationContext. To display the condition evaluation report re-run your application with 'debug' enabled.
2026-08-02T19:20:46.968+05:30 ERROR 17340 --- [petistaan] [main] o.s.b.d.LoggingFailureAnalysisReporter   : 

***************************
APPLICATION FAILED TO START
***************************

Description:

Failed to configure a DataSource: 'url' attribute is not specified and no embedded datasource could be configured.

Reason: Failed to determine a suitable driver class


Action:

Consider the following:
	If you want an embedded database (H2, HSQL or Derby), please put it on the classpath.
	If you have database settings to be loaded from a particular profile you may need to activate it (no profiles are currently active).

2026-08-02T19:21:26.547+05:30  INFO 13912 --- [petistaan] [main] com.example.PetistaanApplication         : Starting PetistaanApplication using Java 21.0.11 with PID 13912 (C:\Java\Spring-Core\petistaan\target\classes started by Ashok in C:\Java\Spring-Core\petistaan)
2026-08-02T19:21:26.555+05:30  INFO 13912 --- [petistaan] [main] com.example.PetistaanApplication         : No active profile set, falling back to 1 default profile: "default"
2026-08-02T19:21:27.407+05:30  INFO 13912 --- [petistaan] [main] .s.d.r.c.RepositoryConfigurationDelegate : Bootstrapping Spring Data JPA repositories in DEFAULT mode.
2026-08-02T19:21:27.485+05:30  INFO 13912 --- [petistaan] [main] .s.d.r.c.RepositoryConfigurationDelegate : Finished Spring Data repository scanning in 55 ms. Found 0 JPA repository interfaces.
2026-08-02T19:21:27.865+05:30  WARN 13912 --- [petistaan] [main] s.c.a.AnnotationConfigApplicationContext : Exception encountered during context initialization - cancelling refresh attempt: org.springframework.beans.factory.BeanCreationException: Error creating bean with name 'entityManagerFactory' defined in class path resource [org/springframework/boot/hibernate/autoconfigure/HibernateJpaConfiguration.class]: Failed to initialize dependency 'dataSourceScriptDatabaseInitializer' of LoadTimeWeaverAware bean 'entityManagerFactory': Error creating bean with name 'dataSourceScriptDatabaseInitializer' defined in class path resource [org/springframework/boot/jdbc/autoconfigure/DataSourceInitializationAutoConfiguration.class]: Unsatisfied dependency expressed through method 'dataSourceScriptDatabaseInitializer' parameter 0: Error creating bean with name 'dataSource' defined in class path resource [org/springframework/boot/jdbc/autoconfigure/DataSourceConfiguration$Hikari.class]: Failed to instantiate [com.zaxxer.hikari.HikariDataSource]: Factory method 'dataSource' threw exception with message: Failed to determine a suitable driver class
2026-08-02T19:21:27.881+05:30  INFO 13912 --- [petistaan] [main] .s.b.a.l.ConditionEvaluationReportLogger : 

Error starting ApplicationContext. To display the condition evaluation report re-run your application with 'debug' enabled.
2026-08-02T19:21:27.908+05:30 ERROR 13912 --- [petistaan] [main] o.s.b.d.LoggingFailureAnalysisReporter   : 

***************************
APPLICATION FAILED TO START
***************************

Description:

Failed to configure a DataSource: 'url' attribute is not specified and no embedded datasource could be configured.

Reason: Failed to determine a suitable driver class


Action:

Consider the following:
	If you want an embedded database (H2, HSQL or Derby), please put it on the classpath.
	If you have database settings to be loaded from a particular profile you may need to activate it (no profiles are currently active).

2026-08-02T19:23:45.083+05:30  INFO 13156 --- [petistaan] [main] com.example.PetistaanApplication         : Starting PetistaanApplication using Java 21.0.11 with PID 13156 (C:\Java\Spring-Core\petistaan\target\classes started by Ashok in C:\Java\Spring-Core\petistaan)
2026-08-02T19:23:45.088+05:30  INFO 13156 --- [petistaan] [main] com.example.PetistaanApplication         : No active profile set, falling back to 1 default profile: "default"
2026-08-02T19:23:45.983+05:30  INFO 13156 --- [petistaan] [main] .s.d.r.c.RepositoryConfigurationDelegate : Bootstrapping Spring Data JPA repositories in DEFAULT mode.
2026-08-02T19:23:46.039+05:30  INFO 13156 --- [petistaan] [main] .s.d.r.c.RepositoryConfigurationDelegate : Finished Spring Data repository scanning in 38 ms. Found 0 JPA repository interfaces.
2026-08-02T19:23:46.514+05:30  INFO 13156 --- [petistaan] [main] com.zaxxer.hikari.HikariDataSource       : HikariPool-1 - Starting...
2026-08-02T19:23:47.188+05:30  INFO 13156 --- [petistaan] [main] com.zaxxer.hikari.pool.HikariPool        : HikariPool-1 - Added connection com.mysql.cj.jdbc.ConnectionImpl@6f9c5048
2026-08-02T19:23:47.192+05:30  INFO 13156 --- [petistaan] [main] com.zaxxer.hikari.HikariDataSource       : HikariPool-1 - Start completed.
2026-08-02T19:23:47.266+05:30  INFO 13156 --- [petistaan] [main] org.hibernate.orm.jpa                    : HHH008540: Processing PersistenceUnitInfo [name: default]
2026-08-02T19:23:47.447+05:30  INFO 13156 --- [petistaan] [main] org.hibernate.orm.core                   : HHH000001: Hibernate ORM core version 7.4.1.Final
2026-08-02T19:23:48.455+05:30  INFO 13156 --- [petistaan] [main] o.s.o.j.p.SpringPersistenceUnitInfo      : No LoadTimeWeaver setup: ignoring JPA class transformer
2026-08-02T19:23:48.720+05:30  INFO 13156 --- [petistaan] [main] org.hibernate.orm.connections.pooling    : HHH10001005: Database info:
	Database JDBC URL [jdbc:mysql://localhost:3306/petistaan]
	Database driver: MySQL Connector/J
	Database dialect: MySQLDialect
	Database version: 8.0.46
	Default catalog/schema: petistaan/undefined
	Autocommit mode: undefined/unknown
	Isolation level: REPEATABLE_READ [default REPEATABLE_READ]
	JDBC fetch size: none
	Pool: DataSourceConnectionProvider
	Minimum pool size: undefined/unknown
	Maximum pool size: undefined/unknown
2026-08-02T19:23:50.281+05:30  INFO 13156 --- [petistaan] [main] org.hibernate.orm.core                   : HHH000489: No JTA platform available (set 'hibernate.transaction.jta.platform' to enable JTA platform integration)
2026-08-02T19:23:50.289+05:30  INFO 13156 --- [petistaan] [main] j.LocalContainerEntityManagerFactoryBean : Initialized JPA EntityManagerFactory for persistence unit 'default'
2026-08-02T19:23:50.417+05:30  WARN 13156 --- [petistaan] [main] s.c.a.AnnotationConfigApplicationContext : Exception encountered during context initialization - cancelling refresh attempt: org.springframework.beans.factory.UnsatisfiedDependencyException: Error creating bean with name 'petistaanApplication': Unsatisfied dependency expressed through constructor parameter 1: Error creating bean with name 'petServiceImpl' defined in file [C:\Java\Spring-Core\petistaan\target\classes\com\example\service\impl\PetServiceImpl.class]: Unsatisfied dependency expressed through constructor parameter 1: No qualifying bean of type 'com.example.util.PetMapper' available: expected at least 1 bean which qualifies as autowire candidate. Dependency annotations: {}
2026-08-02T19:23:50.418+05:30  INFO 13156 --- [petistaan] [main] j.LocalContainerEntityManagerFactoryBean : Closing JPA EntityManagerFactory for persistence unit 'default'
2026-08-02T19:23:50.421+05:30  INFO 13156 --- [petistaan] [main] com.zaxxer.hikari.HikariDataSource       : HikariPool-1 - Shutdown initiated...
2026-08-02T19:23:50.442+05:30  INFO 13156 --- [petistaan] [main] com.zaxxer.hikari.HikariDataSource       : HikariPool-1 - Shutdown completed.
2026-08-02T19:23:50.451+05:30  INFO 13156 --- [petistaan] [main] .s.b.a.l.ConditionEvaluationReportLogger : 

Error starting ApplicationContext. To display the condition evaluation report re-run your application with 'debug' enabled.
2026-08-02T19:23:50.490+05:30 ERROR 13156 --- [petistaan] [main] o.s.b.d.LoggingFailureAnalysisReporter   : 

***************************
APPLICATION FAILED TO START
***************************

Description:

Parameter 1 of constructor in com.example.service.impl.PetServiceImpl required a bean of type 'com.example.util.PetMapper' that could not be found.


Action:

Consider defining a bean of type 'com.example.util.PetMapper' in your configuration.

2026-08-02T19:27:07.638+05:30  INFO 6112 --- [petistaan] [main] com.example.PetistaanApplication         : Starting PetistaanApplication using Java 21.0.11 with PID 6112 (C:\Java\Spring-Core\petistaan\target\classes started by Ashok in C:\Java\Spring-Core\petistaan)
2026-08-02T19:27:07.646+05:30  INFO 6112 --- [petistaan] [main] com.example.PetistaanApplication         : No active profile set, falling back to 1 default profile: "default"
2026-08-02T19:27:08.332+05:30  INFO 6112 --- [petistaan] [main] .s.d.r.c.RepositoryConfigurationDelegate : Bootstrapping Spring Data JPA repositories in DEFAULT mode.
2026-08-02T19:27:08.384+05:30  INFO 6112 --- [petistaan] [main] .s.d.r.c.RepositoryConfigurationDelegate : Finished Spring Data repository scanning in 46 ms. Found 0 JPA repository interfaces.
2026-08-02T19:27:08.885+05:30  INFO 6112 --- [petistaan] [main] com.zaxxer.hikari.HikariDataSource       : HikariPool-1 - Starting...
2026-08-02T19:27:09.466+05:30  INFO 6112 --- [petistaan] [main] com.zaxxer.hikari.pool.HikariPool        : HikariPool-1 - Added connection com.mysql.cj.jdbc.ConnectionImpl@106d77da
2026-08-02T19:27:09.468+05:30  INFO 6112 --- [petistaan] [main] com.zaxxer.hikari.HikariDataSource       : HikariPool-1 - Start completed.
2026-08-02T19:27:09.539+05:30  INFO 6112 --- [petistaan] [main] org.hibernate.orm.jpa                    : HHH008540: Processing PersistenceUnitInfo [name: default]
2026-08-02T19:27:09.646+05:30  INFO 6112 --- [petistaan] [main] org.hibernate.orm.core                   : HHH000001: Hibernate ORM core version 7.4.1.Final
2026-08-02T19:27:10.284+05:30  INFO 6112 --- [petistaan] [main] o.s.o.j.p.SpringPersistenceUnitInfo      : No LoadTimeWeaver setup: ignoring JPA class transformer
2026-08-02T19:27:10.464+05:30  INFO 6112 --- [petistaan] [main] org.hibernate.orm.connections.pooling    : HHH10001005: Database info:
	Database JDBC URL [jdbc:mysql://localhost:3306/petistaan]
	Database driver: MySQL Connector/J
	Database dialect: MySQLDialect
	Database version: 8.0.46
	Default catalog/schema: petistaan/undefined
	Autocommit mode: undefined/unknown
	Isolation level: REPEATABLE_READ [default REPEATABLE_READ]
	JDBC fetch size: none
	Pool: DataSourceConnectionProvider
	Minimum pool size: undefined/unknown
	Maximum pool size: undefined/unknown
2026-08-02T19:27:11.601+05:30  INFO 6112 --- [petistaan] [main] org.hibernate.orm.core                   : HHH000489: No JTA platform available (set 'hibernate.transaction.jta.platform' to enable JTA platform integration)
2026-08-02T19:27:11.606+05:30  INFO 6112 --- [petistaan] [main] j.LocalContainerEntityManagerFactoryBean : Initialized JPA EntityManagerFactory for persistence unit 'default'
2026-08-02T19:27:11.720+05:30  WARN 6112 --- [petistaan] [main] s.c.a.AnnotationConfigApplicationContext : Exception encountered during context initialization - cancelling refresh attempt: org.springframework.beans.factory.UnsatisfiedDependencyException: Error creating bean with name 'petistaanApplication': Unsatisfied dependency expressed through constructor parameter 1: Error creating bean with name 'petServiceImpl' defined in file [C:\Java\Spring-Core\petistaan\target\classes\com\example\service\impl\PetServiceImpl.class]: Unsatisfied dependency expressed through constructor parameter 1: No qualifying bean of type 'com.example.util.PetMapper' available: expected at least 1 bean which qualifies as autowire candidate. Dependency annotations: {}
2026-08-02T19:27:11.720+05:30  INFO 6112 --- [petistaan] [main] j.LocalContainerEntityManagerFactoryBean : Closing JPA EntityManagerFactory for persistence unit 'default'
2026-08-02T19:27:11.720+05:30  INFO 6112 --- [petistaan] [main] com.zaxxer.hikari.HikariDataSource       : HikariPool-1 - Shutdown initiated...
2026-08-02T19:27:11.736+05:30  INFO 6112 --- [petistaan] [main] com.zaxxer.hikari.HikariDataSource       : HikariPool-1 - Shutdown completed.
2026-08-02T19:27:11.741+05:30  INFO 6112 --- [petistaan] [main] .s.b.a.l.ConditionEvaluationReportLogger : 

Error starting ApplicationContext. To display the condition evaluation report re-run your application with 'debug' enabled.
2026-08-02T19:27:11.764+05:30 ERROR 6112 --- [petistaan] [main] o.s.b.d.LoggingFailureAnalysisReporter   : 

***************************
APPLICATION FAILED TO START
***************************

Description:

Parameter 1 of constructor in com.example.service.impl.PetServiceImpl required a bean of type 'com.example.util.PetMapper' that could not be found.


Action:

Consider defining a bean of type 'com.example.util.PetMapper' in your configuration.

2026-08-02T19:37:35.987+05:30  INFO 19140 --- [petistaan] [main] com.example.PetistaanApplication         : Starting PetistaanApplication using Java 21.0.11 with PID 19140 (C:\Java\Spring-Core\petistaan\target\classes started by Ashok in C:\Java\Spring-Core\petistaan)
2026-08-02T19:37:35.996+05:30  INFO 19140 --- [petistaan] [main] com.example.PetistaanApplication         : No active profile set, falling back to 1 default profile: "default"
2026-08-02T19:37:36.790+05:30  INFO 19140 --- [petistaan] [main] .s.d.r.c.RepositoryConfigurationDelegate : Bootstrapping Spring Data JPA repositories in DEFAULT mode.
2026-08-02T19:37:36.885+05:30  INFO 19140 --- [petistaan] [main] .s.d.r.c.RepositoryConfigurationDelegate : Finished Spring Data repository scanning in 64 ms. Found 0 JPA repository interfaces.
2026-08-02T19:37:37.848+05:30  INFO 19140 --- [petistaan] [main] com.zaxxer.hikari.HikariDataSource       : HikariPool-1 - Starting...
2026-08-02T19:37:38.465+05:30  INFO 19140 --- [petistaan] [main] com.zaxxer.hikari.pool.HikariPool        : HikariPool-1 - Added connection com.mysql.cj.jdbc.ConnectionImpl@5a50d9fc
2026-08-02T19:37:38.468+05:30  INFO 19140 --- [petistaan] [main] com.zaxxer.hikari.HikariDataSource       : HikariPool-1 - Start completed.
2026-08-02T19:37:38.552+05:30  INFO 19140 --- [petistaan] [main] org.hibernate.orm.jpa                    : HHH008540: Processing PersistenceUnitInfo [name: default]
2026-08-02T19:37:38.678+05:30  INFO 19140 --- [petistaan] [main] org.hibernate.orm.core                   : HHH000001: Hibernate ORM core version 7.4.1.Final
2026-08-02T19:37:39.401+05:30  INFO 19140 --- [petistaan] [main] o.s.o.j.p.SpringPersistenceUnitInfo      : No LoadTimeWeaver setup: ignoring JPA class transformer
2026-08-02T19:37:39.561+05:30  INFO 19140 --- [petistaan] [main] org.hibernate.orm.connections.pooling    : HHH10001005: Database info:
	Database JDBC URL [jdbc:mysql://localhost:3306/petistaan]
	Database driver: MySQL Connector/J
	Database dialect: MySQLDialect
	Database version: 8.0.46
	Default catalog/schema: petistaan/undefined
	Autocommit mode: undefined/unknown
	Isolation level: REPEATABLE_READ [default REPEATABLE_READ]
	JDBC fetch size: none
	Pool: DataSourceConnectionProvider
	Minimum pool size: undefined/unknown
	Maximum pool size: undefined/unknown
2026-08-02T19:37:40.683+05:30  INFO 19140 --- [petistaan] [main] org.hibernate.orm.core                   : HHH000489: No JTA platform available (set 'hibernate.transaction.jta.platform' to enable JTA platform integration)
2026-08-02T19:37:40.693+05:30  INFO 19140 --- [petistaan] [main] j.LocalContainerEntityManagerFactoryBean : Initialized JPA EntityManagerFactory for persistence unit 'default'
2026-08-02T19:37:41.077+05:30  INFO 19140 --- [petistaan] [main] com.example.PetistaanApplication         : Started PetistaanApplication in 5.748 seconds (process running for 6.505)
2026-08-02T19:37:56.191+05:30 ERROR 19140 --- [petistaan] [main] com.example.PetistaanApplication         : Cannot invoke "java.util.Optional.orElseThrow(java.util.function.Supplier)" because the return value of "com.example.repository.OwnerRepository.findById(int)" is null
2026-08-02T19:37:56.204+05:30  INFO 19140 --- [petistaan] [SpringApplicationShutdownHook] j.LocalContainerEntityManagerFactoryBean : Closing JPA EntityManagerFactory for persistence unit 'default'
2026-08-02T19:37:56.213+05:30  INFO 19140 --- [petistaan] [SpringApplicationShutdownHook] com.zaxxer.hikari.HikariDataSource       : HikariPool-1 - Shutdown initiated...
2026-08-02T19:37:56.234+05:30  INFO 19140 --- [petistaan] [SpringApplicationShutdownHook] com.zaxxer.hikari.HikariDataSource       : HikariPool-1 - Shutdown completed.
2026-08-02T22:26:50.715+05:30  INFO 1580 --- [petistaan] [main] com.example.PetistaanApplication         : Starting PetistaanApplication using Java 21.0.11 with PID 1580 (C:\Java\Spring-Core\petistaan\target\classes started by Ashok in C:\Java\Spring-Core\petistaan)
2026-08-02T22:26:50.727+05:30  INFO 1580 --- [petistaan] [main] com.example.PetistaanApplication         : No active profile set, falling back to 1 default profile: "default"
2026-08-02T22:26:52.023+05:30  INFO 1580 --- [petistaan] [main] .s.d.r.c.RepositoryConfigurationDelegate : Bootstrapping Spring Data JPA repositories in DEFAULT mode.
2026-08-02T22:26:52.114+05:30  INFO 1580 --- [petistaan] [main] .s.d.r.c.RepositoryConfigurationDelegate : Finished Spring Data repository scanning in 49 ms. Found 0 JPA repository interfaces.
2026-08-02T22:26:53.150+05:30  INFO 1580 --- [petistaan] [main] com.zaxxer.hikari.HikariDataSource       : HikariPool-1 - Starting...
2026-08-02T22:26:54.210+05:30  INFO 1580 --- [petistaan] [main] com.zaxxer.hikari.pool.HikariPool        : HikariPool-1 - Added connection com.mysql.cj.jdbc.ConnectionImpl@5a50d9fc
2026-08-02T22:26:54.213+05:30  INFO 1580 --- [petistaan] [main] com.zaxxer.hikari.HikariDataSource       : HikariPool-1 - Start completed.
2026-08-02T22:26:54.311+05:30  INFO 1580 --- [petistaan] [main] org.hibernate.orm.jpa                    : HHH008540: Processing PersistenceUnitInfo [name: default]
2026-08-02T22:26:54.547+05:30  INFO 1580 --- [petistaan] [main] org.hibernate.orm.core                   : HHH000001: Hibernate ORM core version 7.4.1.Final
2026-08-02T22:26:55.630+05:30  INFO 1580 --- [petistaan] [main] o.s.o.j.p.SpringPersistenceUnitInfo      : No LoadTimeWeaver setup: ignoring JPA class transformer
2026-08-02T22:26:55.827+05:30  INFO 1580 --- [petistaan] [main] org.hibernate.orm.connections.pooling    : HHH10001005: Database info:
	Database JDBC URL [jdbc:mysql://localhost:3306/petistaan]
	Database driver: MySQL Connector/J
	Database dialect: MySQLDialect
	Database version: 8.0.46
	Default catalog/schema: petistaan/undefined
	Autocommit mode: undefined/unknown
	Isolation level: REPEATABLE_READ [default REPEATABLE_READ]
	JDBC fetch size: none
	Pool: DataSourceConnectionProvider
	Minimum pool size: undefined/unknown
	Maximum pool size: undefined/unknown
2026-08-02T22:26:57.366+05:30  INFO 1580 --- [petistaan] [main] org.hibernate.orm.core                   : HHH000489: No JTA platform available (set 'hibernate.transaction.jta.platform' to enable JTA platform integration)
2026-08-02T22:26:57.378+05:30  INFO 1580 --- [petistaan] [main] j.LocalContainerEntityManagerFactoryBean : Initialized JPA EntityManagerFactory for persistence unit 'default'
2026-08-02T22:26:57.826+05:30  INFO 1580 --- [petistaan] [main] com.example.PetistaanApplication         : Started PetistaanApplication in 8.235 seconds (process running for 9.177)
2026-08-02T22:28:24.488+05:30 ERROR 1580 --- [petistaan] [main] com.example.PetistaanApplication         : Cannot invoke "java.util.Optional.map(java.util.function.Function)" because the return value of "com.example.repository.OwnerRepository.findById(int)" is null
2026-08-02T22:28:24.500+05:30  INFO 1580 --- [petistaan] [SpringApplicationShutdownHook] j.LocalContainerEntityManagerFactoryBean : Closing JPA EntityManagerFactory for persistence unit 'default'
2026-08-02T22:28:24.508+05:30  INFO 1580 --- [petistaan] [SpringApplicationShutdownHook] com.zaxxer.hikari.HikariDataSource       : HikariPool-1 - Shutdown initiated...
2026-08-02T22:28:24.523+05:30  INFO 1580 --- [petistaan] [SpringApplicationShutdownHook] com.zaxxer.hikari.HikariDataSource       : HikariPool-1 - Shutdown completed.
